// Jest Snapshot v1, https://goo.gl/fbAQLP

exports[`themer initialization matches snapshot 1`] = `
<Customizer
  scopedSettings={
    Object {
      "TextField": Object {
        "styles": Object {
          "root": Object {
            "fontSize": "12px",
            "selectors": Object {
              "input": Object {
                "fontSize": "12px",
              },
            },
          },
        },
      },
      "Toggle": Object {
        "styles": Object {
          "root": Object {
            "fontSize": "12px",
          },
        },
      },
    }
  }
  settings={
    Object {
      "theme": Object {
        "disableGlobalClassNames": false,
        "fonts": Object {
          "large": Object {
            "MozOsxFontSmoothing": "grayscale",
            "WebkitFontSmoothing": "antialiased",
            "fontFamily": "'Segoe UI Web (West European)', 'Segoe UI', -apple-system, BlinkMacSystemFont, 'Roboto', 'Helvetica Neue', sans-serif",
            "fontSize": "17px",
            "fontWeight": 300,
          },
          "medium": Object {
            "MozOsxFontSmoothing": "grayscale",
            "WebkitFontSmoothing": "antialiased",
            "fontFamily": "'Segoe UI', 'Segoe UI Web (West European)', 'Segoe UI', -apple-system, BlinkMacSystemFont, 'Roboto', 'Helvetica Neue', sans-serif",
            "fontSize": "14px",
            "fontWeight": 400,
          },
          "mediumPlus": Object {
            "MozOsxFontSmoothing": "grayscale",
            "WebkitFontSmoothing": "antialiased",
            "fontFamily": "'Segoe UI', 'Segoe UI Web (West European)', 'Segoe UI', -apple-system, BlinkMacSystemFont, 'Roboto', 'Helvetica Neue', sans-serif",
            "fontSize": "15px",
            "fontWeight": 400,
          },
          "mega": Object {
            "MozOsxFontSmoothing": "grayscale",
            "WebkitFontSmoothing": "antialiased",
            "fontFamily": "'Segoe UI', 'Segoe UI Web (West European)', 'Segoe UI', -apple-system, BlinkMacSystemFont, 'Roboto', 'Helvetica Neue', sans-serif",
            "fontSize": "72px",
            "fontWeight": 100,
          },
          "small": Object {
            "MozOsxFontSmoothing": "grayscale",
            "WebkitFontSmoothing": "antialiased",
            "fontFamily": "'Segoe UI', 'Segoe UI Web (West European)', 'Segoe UI', -apple-system, BlinkMacSystemFont, 'Roboto', 'Helvetica Neue', sans-serif",
            "fontSize": "12px",
            "fontWeight": 400,
          },
          "smallPlus": Object {
            "MozOsxFontSmoothing": "grayscale",
            "WebkitFontSmoothing": "antialiased",
            "fontFamily": "'Segoe UI', 'Segoe UI Web (West European)', 'Segoe UI', -apple-system, BlinkMacSystemFont, 'Roboto', 'Helvetica Neue', sans-serif",
            "fontSize": "13px",
            "fontWeight": 400,
          },
          "superLarge": Object {
            "MozOsxFontSmoothing": "grayscale",
            "WebkitFontSmoothing": "antialiased",
            "fontFamily": "'Segoe UI', 'Segoe UI Web (West European)', 'Segoe UI', -apple-system, BlinkMacSystemFont, 'Roboto', 'Helvetica Neue', sans-serif",
            "fontSize": "42px",
            "fontWeight": 100,
          },
          "tiny": Object {
            "MozOsxFontSmoothing": "grayscale",
            "WebkitFontSmoothing": "antialiased",
            "fontFamily": "'Segoe UI', 'Segoe UI Web (West European)', 'Segoe UI', -apple-system, BlinkMacSystemFont, 'Roboto', 'Helvetica Neue', sans-serif",
            "fontSize": "10px",
            "fontWeight": 600,
          },
          "xLarge": Object {
            "MozOsxFontSmoothing": "grayscale",
            "WebkitFontSmoothing": "antialiased",
            "fontFamily": "'Segoe UI', 'Segoe UI Web (West European)', 'Segoe UI', -apple-system, BlinkMacSystemFont, 'Roboto', 'Helvetica Neue', sans-serif",
            "fontSize": "21px",
            "fontWeight": 100,
          },
          "xSmall": Object {
            "MozOsxFontSmoothing": "grayscale",
            "WebkitFontSmoothing": "antialiased",
            "fontFamily": "'Segoe UI', 'Segoe UI Web (West European)', 'Segoe UI', -apple-system, BlinkMacSystemFont, 'Roboto', 'Helvetica Neue', sans-serif",
            "fontSize": "11px",
            "fontWeight": 400,
          },
          "xxLarge": Object {
            "MozOsxFontSmoothing": "grayscale",
            "WebkitFontSmoothing": "antialiased",
            "fontFamily": "'Segoe UI', 'Segoe UI Web (West European)', 'Segoe UI', -apple-system, BlinkMacSystemFont, 'Roboto', 'Helvetica Neue', sans-serif",
            "fontSize": "28px",
            "fontWeight": 100,
          },
        },
        "isInverted": false,
        "palette": Object {
          "accent": "#0078d4",
          "black": "#1d1d1d",
          "blackTranslucent40": "rgba(0,0,0,.4)",
          "blue": "#0078d4",
          "blueDark": "#002050",
          "blueLight": "#00bcf2",
          "blueMid": "#00188f",
          "bodyBackground": "#fff",
          "bodyText": "#333",
          "green": "#107c10",
          "greenDark": "#004b1c",
          "greenLight": "#bad80a",
          "magenta": "#b4009e",
          "magentaDark": "#5c005c",
          "magentaLight": "#e3008c",
          "neutralDark": "#272727",
          "neutralLight": "#eaeaea",
          "neutralLighter": "#f4f4f4",
          "neutralLighterAlt": "#f8f8f8",
          "neutralPrimary": "#333",
          "neutralPrimaryAlt": "#4b4b4b",
          "neutralQuaternary": "#d0d0d0",
          "neutralQuaternaryAlt": "#dadada",
          "neutralSecondary": "#858585",
          "neutralSecondaryAlt": "#767676",
          "neutralTertiary": "#c2c2c2",
          "neutralTertiaryAlt": "#c8c8c8",
          "orange": "#d83b01",
          "orangeLight": "#ea4300",
          "orangeLighter": "#ff8c00",
          "purple": "#5c2d91",
          "purpleDark": "#32145a",
          "purpleLight": "#b4a0ff",
          "red": "#e81123",
          "redDark": "#a80000",
          "teal": "#008272",
          "tealDark": "#004b50",
          "tealLight": "#00b294",
          "themeDark": "#005a9e",
          "themeDarkAlt": "#106ebe",
          "themeDarker": "#004578",
          "themeLight": "#c7e0f4",
          "themeLighter": "#deecf9",
          "themeLighterAlt": "#eff6fc",
          "themePrimary": "#0078d4",
          "themeSecondary": "#2b88d8",
          "themeTertiary": "#71afe5",
          "white": "#fff",
          "whiteTranslucent40": "rgba(255,255,255,.4)",
          "yellow": "#ffb900",
          "yellowLight": "#fff100",
        },
        "semanticColors": Object {
          "actionLink": "#333",
          "actionLinkHovered": "#272727",
          "blockingBackground": "rgba(234, 67, 0, .2)",
          "bodyBackground": "#fff",
          "bodyDivider": "#eaeaea",
          "bodyFrameBackground": "#fff",
          "bodyFrameDivider": "#eaeaea",
          "bodyStandoutBackground": "#f8f8f8",
          "bodySubtext": "#858585",
          "bodyText": "#333",
          "bodyTextChecked": "#1d1d1d",
          "buttonBackground": "#f4f4f4",
          "buttonBackgroundChecked": "#c8c8c8",
          "buttonBackgroundCheckedHovered": "#eaeaea",
          "buttonBackgroundDisabled": "#f4f4f4",
          "buttonBackgroundHovered": "#eaeaea",
          "buttonBackgroundPressed": "#eaeaea",
          "buttonBorder": "transparent",
          "buttonBorderDisabled": "transparent",
          "buttonText": "#333",
          "buttonTextChecked": "#272727",
          "buttonTextCheckedHovered": "#1d1d1d",
          "buttonTextDisabled": "#c2c2c2",
          "buttonTextHovered": "#272727",
          "buttonTextPressed": "#272727",
          "defaultStateBackground": "#eaeaea",
          "disabledBackground": "#f4f4f4",
          "disabledBodyText": "#c8c8c8",
          "disabledSubtext": "#d0d0d0",
          "disabledText": "#c2c2c2",
          "errorBackground": "rgba(232, 17, 35, .2)",
          "errorText": "#a80000",
          "focusBorder": "#858585",
          "inputBackground": "#fff",
          "inputBackgroundChecked": "#0078d4",
          "inputBackgroundCheckedHovered": "#106ebe",
          "inputBorder": "#c2c2c2",
          "inputBorderHovered": "#272727",
          "inputFocusBorderAlt": "#0078d4",
          "inputForegroundChecked": "#fff",
          "inputPlaceholderText": "#858585",
          "link": "#0078d4",
          "linkHovered": "#004578",
          "listBackground": "#fff",
          "listHeaderBackgroundHovered": "#f4f4f4",
          "listHeaderBackgroundPressed": "#eaeaea",
          "listItemBackgroundChecked": "#eaeaea",
          "listItemBackgroundCheckedHovered": "#dadada",
          "listItemBackgroundHovered": "#f4f4f4",
          "listText": "#333",
          "listTextColor": "#333",
          "menuBackground": "#fff",
          "menuDivider": "#c8c8c8",
          "menuHeader": "#0078d4",
          "menuIcon": "#0078d4",
          "menuItemBackgroundChecked": "#eaeaea",
          "menuItemBackgroundHovered": "#f4f4f4",
          "menuItemBackgroundPressed": "#eaeaea",
          "menuItemText": "#333",
          "menuItemTextHovered": "#272727",
          "primaryButtonBackground": "#0078d4",
          "primaryButtonBackgroundDisabled": "#f4f4f4",
          "primaryButtonBackgroundHovered": "#106ebe",
          "primaryButtonBackgroundPressed": "#005a9e",
          "primaryButtonBorder": "transparent",
          "primaryButtonText": "#fff",
          "primaryButtonTextDisabled": "#d0d0d0",
          "primaryButtonTextHovered": "#fff",
          "primaryButtonTextPressed": "#fff",
          "smallInputBorder": "#858585",
          "successBackground": "rgba(186, 216, 10, .2)",
          "variantBorder": "#eaeaea",
          "variantBorderHovered": "#c2c2c2",
          "warningBackground": "rgba(255, 185, 0, .2)",
          "warningHighlight": "#ffb900",
          "warningText": "#333333",
        },
        "spacing": Object {
          "l1": "20px",
          "l2": "32px",
          "m": "16px",
          "s1": "8px",
          "s2": "4px",
        },
        "typography": Object {
          "families": Object {
            "default": "'Segoe UI', 'Segoe UI Web (West European)', 'Segoe UI', -apple-system, BlinkMacSystemFont, 'Roboto', 'Helvetica Neue', sans-serif",
            "monospace": "Menlo, Monaco, \\"Courier New\\", monospace",
          },
          "sizes": Object {
            "large": "17px",
            "medium": "14px",
            "mediumPlus": "15px",
            "mega": "72px",
            "mini": "10px",
            "small": "12px",
            "smallPlus": "13px",
            "xLarge": "21px",
            "xSmall": "11px",
            "xxLarge": "28px",
          },
          "variants": Object {
            "caption": Object {
              "color": undefined,
              "disabledColor": undefined,
              "family": "'Segoe UI', 'Segoe UI Web (West European)', 'Segoe UI', -apple-system, BlinkMacSystemFont, 'Roboto', 'Helvetica Neue', sans-serif",
              "hoverColor": undefined,
              "size": "11px",
              "weight": undefined,
            },
            "default": Object {
              "color": undefined,
              "disabledColor": undefined,
              "family": "'Segoe UI', 'Segoe UI Web (West European)', 'Segoe UI', -apple-system, BlinkMacSystemFont, 'Roboto', 'Helvetica Neue', sans-serif",
              "hoverColor": undefined,
              "size": "inherit",
              "weight": undefined,
            },
            "h1": Object {
              "color": undefined,
              "disabledColor": undefined,
              "family": "'Segoe UI', 'Segoe UI Web (West European)', 'Segoe UI', -apple-system, BlinkMacSystemFont, 'Roboto', 'Helvetica Neue', sans-serif",
              "hoverColor": undefined,
              "size": "72px",
              "weight": 100,
            },
            "h2": Object {
              "color": undefined,
              "disabledColor": undefined,
              "family": "'Segoe UI', 'Segoe UI Web (West European)', 'Segoe UI', -apple-system, BlinkMacSystemFont, 'Roboto', 'Helvetica Neue', sans-serif",
              "hoverColor": undefined,
              "size": "28px",
              "weight": 100,
            },
            "h3": Object {
              "color": undefined,
              "disabledColor": undefined,
              "family": "'Segoe UI', 'Segoe UI Web (West European)', 'Segoe UI', -apple-system, BlinkMacSystemFont, 'Roboto', 'Helvetica Neue', sans-serif",
              "hoverColor": undefined,
              "size": "21px",
              "weight": 100,
            },
            "h4": Object {
              "color": undefined,
              "disabledColor": undefined,
              "family": "'Segoe UI', 'Segoe UI Web (West European)', 'Segoe UI', -apple-system, BlinkMacSystemFont, 'Roboto', 'Helvetica Neue', sans-serif",
              "hoverColor": undefined,
              "size": "17px",
              "weight": 100,
            },
            "h5": Object {
              "color": undefined,
              "disabledColor": undefined,
              "family": "'Segoe UI', 'Segoe UI Web (West European)', 'Segoe UI', -apple-system, BlinkMacSystemFont, 'Roboto', 'Helvetica Neue', sans-serif",
              "hoverColor": undefined,
              "size": "15px",
              "weight": 100,
            },
            "link": Object {
              "color": "#0078d4",
              "disabledColor": undefined,
              "family": "'Segoe UI', 'Segoe UI Web (West European)', 'Segoe UI', -apple-system, BlinkMacSystemFont, 'Roboto', 'Helvetica Neue', sans-serif",
              "hoverColor": "#004578",
              "size": "inherit",
              "weight": undefined,
            },
          },
          "weights": Object {
            "bold": 700,
            "default": 400,
            "light": 100,
            "regular": 400,
            "semibold": 600,
          },
        },
      },
    }
  }
>
  <StyledFabricBase>
    <div
      className="theme-light"
    >
      <div
        className="app"
      />
    </div>
  </StyledFabricBase>
</Customizer>
`;
